Start time: 13:02:53 on Aug 13,2026
qverilog -vopt "+acc" ../default_200mhz_clk_outclk_100_50.sv 
-- Compiling module tb

Top level modules:
	tb
# vsim -lib work work.tb -c -do "run -all; quit -f" -appendlog -l qverilog.log -vopt 
# ** Note: (vsim-3812) Design is being optimized...
# ** Warning: (vopt-10587) Some optimizations are turned off because the +acc switch is in effect. This will cause your simulation to run slowly. Please use -access/-debug to maintain needed visibility.
# ** Note: (vsim-12126) Error and warning message counts have been restored: Errors=0, Warnings=1.
# //  Questa Sim-64
# //  Version 2022.1_2 linux_x86_64 Apr  2 2022
# //
# //  Copyright 1991-2022 Mentor Graphics Corporation
# //  All Rights Reserved.
# //
# //  QuestaSim and its associated documentation contain trade
# //  secrets and commercial or financial information that are the property of
# //  Mentor Graphics Corporation and are privileged, confidential,
# //  and exempt from disclosure under the Freedom of Information Act,
# //  5 U.S.C. Section 552. Furthermore, this information
# //  is prohibited from disclosure under the Trade Secrets Act,
# //  18 U.S.C. Section 1905.
# //
# Loading sv_std.std
# Loading work.tb(fast)
# run -all
# ** Note: $finish    : ../default_200mhz_clk_outclk_100_50.sv(31)
#    Time: 200 ns  Iteration: 0  Instance: /tb
# End time: 13:02:54 on Aug 13,2026, Elapsed time: 0:00:01
# Errors: 0, Warnings: 1
