Information: Updating design information... (UID-85)
 
****************************************
Report : timing
        -path full
        -delay max
        -max_paths 1
Design : full_adder
Version: T-2022.03-SP4
Date   : Sun Aug 24 09:48:11 2025
****************************************

Operating Conditions: nom_pvt   Library: lsi_10k
Wire Load Model Mode: top

  Startpoint: c_in (input port clocked by virtual_clk)
  Endpoint: sum_out (output port clocked by virtual_clk)
  Path Group: virtual_clk
  Path Type: max

  Point                                    Incr       Path
  -----------------------------------------------------------
  clock virtual_clk (rise edge)            0.00       0.00
  clock network delay (ideal)              0.00       0.00
  input external delay                     1.00       1.00 r
  c_in (in)                                0.00       1.00 r
  U2/S (FA1A)                              1.99       2.99 r
  sum_out (out)                            0.00       2.99 r
  data arrival time                                   2.99

  clock virtual_clk (rise edge)            5.00       5.00
  clock network delay (ideal)              0.00       5.00
  output external delay                   -1.00       4.00
  data required time                                  4.00
  -----------------------------------------------------------
  data required time                                  4.00
  data arrival time                                  -2.99
  -----------------------------------------------------------
  slack (MET)                                         1.01


1
