Command: vcs -l vcs.log -sverilog ../tb/test_array.sv
                         Chronologic VCS (TM)
       Version T-2022.06-SP1_Full64 -- Thu Aug  6 18:57:31 2026

                    Copyright (c) 1991 - 2022 Synopsys, Inc.
   This software and the associated documentation are proprietary to Synopsys,
 Inc. This software may only be used in accordance with the terms and conditions
 of a written license agreement with Synopsys, Inc. All other use, reproduction,
   or distribution of this software is strictly prohibited.  Licensed Products
     communicate with Synopsys servers for the purpose of providing software
    updates, detecting software piracy and verifying that customers are using
    Licensed Products in conformity with the applicable License Key for such
  Licensed Products. Synopsys will use information gathered in connection with
    this process to deliver software updates and pursue software pirates and
                                   infringers.

 Inclusivity & Diversity - Visit SolvNetPlus to read the "Synopsys Statement on
            Inclusivity and Diversity" (Refer to article 000036315 at
                        https://solvnetplus.synopsys.com)

Parsing design file '../tb/test_array.sv'
Top Level Modules:
       test_array
No TimeScale specified
Starting vcs inline pass...

1 module and 0 UDP read.
recompiling module test_array
make[1]: Entering directory '/home1/BPRN24/BokkaCS/VLSI_RN_ONLINE/SV_LABS/Lab01/sim/csrc' \

rm -f _cuarc*.so _csrc*.so pre_vcsobj_*.so share_vcsobj_*.so
if [ -x ../simv ]; then chmod a-x ../simv; fi
g++  -o ../simv      -rdynamic  -Wl,-rpath='$ORIGIN'/simv.daidir -Wl,-rpath=./simv.daidir \
-Wl,-rpath=/home/cad/eda/SYNOPSYS/VCS/vcs/T-2022.06-SP1/linux64/lib -L/home/cad/eda/SYNOPSYS/VCS/vcs/T-2022.06-SP1/linux64/lib \
-Wl,-rpath-link=./  /usr/lib64/libnuma.so.1   objs/amcQw_d.o   _212522_archive_1.so \
SIM_l.o      rmapats_mop.o rmapats.o rmar.o rmar_nd.o  rmar_llvm_0_1.o rmar_llvm_0_0.o \
-lvirsim -lerrorinf -lsnpsmalloc -lvfs    -lvcsnew -lsimprofile -luclinative /home/cad/eda/SYNOPSYS/VCS/vcs/T-2022.06-SP1/linux64/lib/vcs_tls.o \
-Wl,-whole-archive  -lvcsucli    -Wl,-no-whole-archive          /home/cad/eda/SYNOPSYS/VCS/vcs/T-2022.06-SP1/linux64/lib/vcs_save_restore_new.o \
-ldl  -lc -lm -lpthread -ldl 
../simv up to date
make[1]: Leaving directory '/home1/BPRN24/BokkaCS/VLSI_RN_ONLINE/SV_LABS/Lab01/sim/csrc' \

CPU time: .204 seconds to compile + .194 seconds to elab + .189 seconds to link
Command: /home1/BPRN24/BokkaCS/VLSI_RN_ONLINE/SV_LABS/Lab01/sim/./simv -a vcs.log
Chronologic VCS simulator copyright 1991-2022
Contains Synopsys proprietary information.
Compiler version T-2022.06-SP1_Full64; Runtime version T-2022.06-SP1_Full64;  Aug  6 18:57 2026
########################################################################
Values in the data_da           8
Values in the data_da          17
Values in the data_da          17
Values in the data_da           7
Values in the data_da          17
Values in the data_da          17
Values in the data_da           5
Values in the data_da           2
Values in the data_da           1
Values in the data_da           9
Values in the data_da '{8, 17, 17, 7, 17, 17, 5, 2, 1, 9} 
########################################################################
sum of the data_da         100
product of the data_da   420945840
or of the data_da          31
and of the data_da           0
xor of the data_da           0
no. of items greater than 7 = 6
sum of items greater than 7 = 85
product of items greater than 7 = 6013512
########################################################################
reverse of the data_da '{9, 1, 2, 5, 17, 17, 7, 17, 17, 8} 
sort of the data_da '{1, 2, 5, 7, 8, 9, 17, 17, 17, 17} 
rsort (reverse sort) of the data_da '{17, 17, 17, 17, 9, 8, 7, 5, 2, 1} 
shuffle of the data_da '{2, 7, 5, 1, 8, 17, 17, 9, 17, 17} 
########################################################################
find element 8 in the data_da = '{8} 
find element 8 index in the data_da = '{4} 
find elements greater then 7 in the data_da = '{8, 17, 17, 9, 17, 17} 
find elements greater then 7 index in the data_da = '{4, 5, 6, 7, 8, 9} 
find first elements which are less then 10 in the data_da = '{2} 
find first elements index which are less then 10 in the data_da = '{0} 
find last elements which are less then 10 in the data_da = '{9} 
find last elements index which are less then 10 in the data_da = '{7} 
max in the data_da = '{17} 
min in the data_da = '{1} 
unique elements in the data_da = '{2, 7, 5, 1, 8, 17, 9} 
unique elements index in the data_da = '{0, 1, 2, 3, 4, 5, 7} 
########################################################################
Values in the data_da '{55, 85, 22, 97, 26, 89, 12, 29, 97, 18} 
data_mem[12] = 150
data_mem[18] = 194
data_mem[22] = 93
data_mem[26] = 53
data_mem[29] = 186
data_mem[55] = 189
data_mem[85] = 29
data_mem[89] = 168
data_mem[97] = 84
########################################################################
first index in data_mem 12
first element in data_mem 150
last index in data_mem 97
last element in data_mem 84
first element in data_mem '{0xc:150, 0x12:194, 0x16:93, 0x1a:53, 0x1d:186, 0x37:189, 0x55:29, 0x59:168, 0x61:84} 
########################################################################
           V C S   S i m u l a t i o n   R e p o r t 
Time: 0
CPU Time:      0.230 seconds;       Data structure size:   0.0Mb
Thu Aug  6 18:57:32 2026
