format cycle
tracking_info_begin
   injected_fault 1 /cpu_i/uSDM/ix3171/Y
tracking_info_end
failures_begin
1181        /DESTIN_DO[4]      H               L                
1417        /DESTIN_DO[7]      L               H                
1417        /DESTIN_DO[6]      L               H                
1417        /DESTIN_DO[5]      L               H                
1417        /DESTIN_DO[4]      L               H                
1421        edt_channels_out1  H               L                
1426        edt_channels_out1  L               H                
1450        edt_channels_out1  L               H                
1452        edt_channels_out1  H               L                
1460        edt_channels_out1  H               L                
3364        /DESTIN_DO[4]      H               L                
3376        edt_channels_out1  L               H                
4544        /DESTIN_DO[4]      H               L                
4589        edt_channels_out1  L               H                
4662        /DESTIN_DO[4]      H               L                
5016        /DESTIN_DO[4]      H               L                
5025        edt_channels_out1  L               H                
5026        edt_channels_out1  H               L                
5059        edt_channels_out1  H               L                
5096        edt_channels_out1  L               H                
5981        edt_channels_out1  L               H                
6255        /DESTIN_DO[7]      L               H                
6255        /DESTIN_DO[6]      L               H                
6255        /DESTIN_DO[5]      L               H                
6255        /DESTIN_DO[4]      L               H                
6786        /DESTIN_DO[4]      H               L                
7258        /DESTIN_DO[4]      H               L                
7294        edt_channels_out1  L               H                
7376        /DESTIN_DO[4]      H               L                
7671        /DESTIN_DO[4]      H               L                
7689        edt_channels_out1  H               L                
8025        /DESTIN_DO[4]      H               L                
8034        edt_channels_out1  L               H                
8041        edt_channels_out1  H               L                
8068        edt_channels_out1  L               H                
11152       /DESTIN_DO[4]      H               L                
11801       /DESTIN_DO[4]      L               H                
12214       /DESTIN_DO[4]      H               L                
12240       edt_channels_out1  H               L                
12255       edt_channels_out1  H               L                
12450       /DESTIN_DO[4]      L               H                
12509       /DESTIN_DO[4]      L               H                
12745       /DESTIN_DO[4]      H               L                
12771       edt_channels_out1  H               L                
12786       edt_channels_out1  L               H                
12981       /DESTIN_DO[4]      L               H                
13453       /DESTIN_DO[6]      H               L                
13453       /DESTIN_DO[5]      L               H                
13453       /DESTIN_DO[4]      L               H                
13462       edt_channels_out1  H               L                
13472       edt_channels_out1  L               H                
13473       edt_channels_out1  L               H                
13474       edt_channels_out1  L               H                
13486       edt_channels_out1  L               H                
13488       edt_channels_out1  H               L                
13496       edt_channels_out1  H               L                
14397       /DESTIN_DO[4]      H               L                
14515       /DESTIN_DO[4]      H               L                
14869       /DESTIN_DO[4]      H               L                
16816       /DESTIN_DO[4]      H               L                
16875       /DESTIN_DO[4]      H               L                
16993       /DESTIN_DO[4]      H               L                
17029       edt_channels_out1  H               L                
17170       /DESTIN_DO[4]      H               L                
17189       edt_channels_out1  L               H                
17347       /DESTIN_DO[4]      H               L                
17351       edt_channels_out1  H               L                
17381       edt_channels_out1  L               H                
17406       /DESTIN_DO[4]      H               L                
17424       edt_channels_out1  L               H                
19176       /DESTIN_DO[7]      L               H                
19176       /DESTIN_DO[6]      L               H                
19176       /DESTIN_DO[5]      L               H                
19176       /DESTIN_DO[4]      L               H                
19471       /DESTIN_DO[7]      L               H                
19471       /DESTIN_DO[6]      L               H                
19471       /DESTIN_DO[5]      L               H                
19471       /DESTIN_DO[4]      L               H                
19475       edt_channels_out1  H               L                
19480       edt_channels_out1  H               L                
19482       edt_channels_out1  L               H                
19504       edt_channels_out1  H               L                
19506       edt_channels_out1  L               H                
19514       edt_channels_out1  L               H                
19766       /DESTIN_DO[4]      H               L                
19774       edt_channels_out1  L               H                
19775       edt_channels_out1  L               H                
19809       edt_channels_out1  H               L                
21005       /DESTIN_DO[5]      H               L                
21005       /DESTIN_DO[4]      L               H                
21477       /DESTIN_DO[4]      H               L                
23129       /DESTIN_DO[4]      H               L                
25961       /DESTIN_DO[4]      H               L                
26492       /DESTIN_DO[4]      H               L                
26787       /DESTIN_DO[4]      H               L                
29928       /DESTIN_DO[4]      H               L                
failure_buffer_limit_reached all
failures_end
failure_file_end
